// Jest Snapshot v1, https://goo.gl/fbAQLP

exports[`CustomButton Component renders correctly enzyme 1`] = `<styled.button />`;
